// Jest Snapshot v1, https://goo.gl/fbAQLP

exports[`Tab renders 1`] = `
<svg
  height="105"
  style="display: inline;"
  width="20"
>
  <line
    style="stroke-width: 1; stroke: black;"
    x1="0"
    x2="20"
    y1="97.5"
    y2="97.5"
  />
  <line
    style="stroke-width: 1; stroke: black;"
    x1="0"
    x2="20"
    y1="82.5"
    y2="82.5"
  />
  <line
    style="stroke-width: 1; stroke: black;"
    x1="0"
    x2="20"
    y1="67.5"
    y2="67.5"
  />
  <line
    style="stroke-width: 1; stroke: black;"
    x1="0"
    x2="20"
    y1="52.5"
    y2="52.5"
  />
  <line
    style="stroke-width: 1; stroke: black;"
    x1="0"
    x2="20"
    y1="37.5"
    y2="37.5"
  />
  <line
    style="stroke-width: 1; stroke: black;"
    x1="0"
    x2="20"
    y1="22.5"
    y2="22.5"
  />
    
</svg>
`;
